Add new repository
create new file for some notes
name it
add content
commit

https://desktop.github.com/


Git 分布式版本控制技术:版本控制，版本管理，远程仓库，分支协作
workspace	=>add=>	stage =>commit=> repository =>push=> remote
workspace	<=checkout<=  repository  <=clone/fetch/pull<= remote


创建用户名和账号

	dell@DESKTOP-8IUPUIQ MINGW64 ~
	$ git config --global user.name "EricYangGitR"

	dell@DESKTOP-8IUPUIQ MINGW64 ~
	$ git config --global user.email "522548843@qq.com"

	$ git config user.name
	EricYangGitR


创建目录以及创建仓库：

	dell@DESKTOP-8IUPUIQ MINGW64 ~
	$ cd /d/Project

	dell@DESKTOP-8IUPUIQ MINGW64 /d/Project
	$ ls
	AsyncTest/  CodeDoc/  GitHub/  Python/

	dell@DESKTOP-8IUPUIQ MINGW64 /d/Project
	$ mkdir Git

	dell@DESKTOP-8IUPUIQ MINGW64 /d/Project
	$ cd Git

	dell@DESKTOP-8IUPUIQ MINGW64 /d/Project/Git
	$ mkdir git-learn

	dell@DESKTOP-8IUPUIQ MINGW64 /d/Project/git/git-learn
	$ git init
	Initialized empty Git repository in D:/Project/Git/git-learn/.git/

创建文件 add操作添加到缓冲区，commit操作提交到repository

	dell@DESKTOP-8IUPUIQ MINGW64 /d/Project/git/git-learn (master)
	$ echo "hello world" >> readme.txt
add:
	dell@DESKTOP-8IUPUIQ MINGW64 /d/Project/git/git-learn (master)
	$ git add -A
	warning: LF will be replaced by CRLF in readme.txt.
	The file will have its original line endings in your working directory.

	dell@DESKTOP-8IUPUIQ MINGW64 /d/Project/git/git-learn (master)
	$ git status
	On branch master

	No commits yet

	Changes to be committed:
	  (use "git rm --cached <file>..." to unstage)

	        new file:   readme.txt

commit:
	dell@DESKTOP-8IUPUIQ MINGW64 /d/Project/git/git-learn (master)
	$ git commit -m"add readme.txt"
	[master (root-commit) 5b0c7ac] add readme.txt
	 1 file changed, 1 insertion(+)
	 create mode 100644 readme.txt


推送到github:
remote github:
	dell@DESKTOP-8IUPUIQ MINGW64 /d/Project/git/git-learn (master)
	$ git remote add origin https://github.com/EricYangW/git-learn.git
push 操作:
	dell@DESKTOP-8IUPUIQ MINGW64 /d/Project/git/git-learn (master)
	$ git push -u origin master

	Counting objects: 3, done.
	Writing objects: 100% (3/3), 229 bytes | 229.00 KiB/s, done.
	Total 3 (delta 0), reused 0 (delta 0)
	To https://github.com/EricYangW/git-learn.git
	 * [new branch]      master -> master
	Branch 'master' set up to track remote branch 'master' from 'origin'.




Clone 到本地:
dell@DESKTOP-8IUPUIQ MINGW64 /d/Project/git/git-learn (master)
$ git clone https://github.com/EricYangW/Notes
Cloning into 'Notes'...
remote: Counting objects: 15, done.
remote: Compressing objects: 100% (13/13), done.
remote: Total 15 (delta 3), reused 0 (delta 0), pack-reused 0
Unpacking objects: 100% (15/15), done.



Git 常用命令:
安装配置:config	help	status

示例1
git config --global user.name "xxx"
git config --global user.email "xxx@xx"
git; git help 获取命令列表
git status 查看当前工作去和缓存区的状态
ssh -keygen -t rsa -C "your_email@xxx.com"
ssh -T git@github.com 将公钥绑定github后尝试建立ssh链接

版本记录: 
init(创建仓库) add(修改缓存) commit(提交修改) reset(版本回退)
checkout(撤销修改) diff(比较文件) log (版本列表) reflog(版本历史)

例子：
git init
git add readme.txt
git add -A
git commit -m"desciption"
git commit --amend 修改覆盖上个一次commit
git commit -a -m "description" 先缓存在提交

v1-v2-v3-v4-v5
v5->v2
git reset HEAD~3
git reset v5 回到v5版

 远程仓库:
 remote(设置远程) push(推送远程) clone(克隆远程) fetch(跟新远程) pull(合并远程)

 分支协作:
 branch(设置分支) checkout(切换分支) merge(合并分支) rebase(重演分支) stash(储藏管理) tag(标签管理)